// Jest Snapshot v1, https://goo.gl/fbAQLP

exports[`AuthForm Component renders as expected 1`] = `ShallowWrapper {}`;
