// Jest Snapshot v1, https://goo.gl/fbAQLP

exports[`UserView Component renders as expected 1`] = `ShallowWrapper {}`;
