// Jest Snapshot v1, https://goo.gl/fbAQLP

exports[`ViewProfile Component renders as expected 1`] = `ShallowWrapper {}`;
