// Jest Snapshot v1, https://goo.gl/fbAQLP

exports[`Header Component renders as expected 1`] = `ShallowWrapper {}`;
