// Jest Snapshot v1, https://goo.gl/fbAQLP

exports[`App container should render with given state from Redux store 1`] = `ShallowWrapper {}`;
