// Jest Snapshot v1, https://goo.gl/fbAQLP

exports[`UpdateProfile Component renders as expected 1`] = `ShallowWrapper {}`;
