// Jest Snapshot v1, https://goo.gl/fbAQLP

exports[`ActiveUserView Component renders as expected 1`] = `ShallowWrapper {}`;
