// Jest Snapshot v1, https://goo.gl/fbAQLP

exports[`TextField Component renders as expected 1`] = `ShallowWrapper {}`;
