// Jest Snapshot v1, https://goo.gl/fbAQLP

exports[`Logo Component renders as expected 1`] = `ShallowWrapper {}`;
